// Jest Snapshot v1, https://goo.gl/fbAQLP

exports[`Header should render Header 1`] = `
<header
  className="sc-bdvvtL hOtWEz"
>
  <h1
    className="sc-gsDKAQ JeTSR"
  >
    Busque seu endere√ßo
  </h1>
</header>
`;
