// Jest Snapshot v1, https://goo.gl/fbAQLP

exports[`Alert should render Alert 1`] = `
<label
  className="sc-bdvvtL fZpmBV"
>
  CEP buscado n√£o encontrado ou incorreto.
</label>
`;
