// Jest Snapshot v1, https://goo.gl/fbAQLP

exports[`Input should render Input 1`] = `null`;
