// Jest Snapshot v1, https://goo.gl/fbAQLP

exports[`Loading should render Loading 1`] = `
<div
  className="sc-bdvvtL iiXgSl"
/>
`;
